Running sg/003
1
1
Operation not permitted
0
0
Test complete
