Running loop/001
Partition devices
1
2
Partition sysfs nodes
1
2
Partition devices after detach
Partition sysfs nodes after detach
Test complete
