Running loop/003
Test took 0 seconds
Test complete
