Running loop/004
1
769bd186841c10e5b1106b55986206c0e87fc05a7f565fdee01b5abcaff6ae78  -
Test complete
