Running loop/005
Got EINVAL
Got EINVAL
Test complete
