Running nvme/003
NQN:nqn.2014-08.org.nvmexpress.discovery disconnected 1 controller(s)
Test complete
