Running nvme/020
91fdba0d-f87b-4c25-b80f-db7be1418b9e
uuid.91fdba0d-f87b-4c25-b80f-db7be1418b9e
NVMe DSM: success
NQN:blktests-subsystem-1 disconnected 1 controller(s)
Test complete
