Running nvme/025
91fdba0d-f87b-4c25-b80f-db7be1418b9e
uuid.91fdba0d-f87b-4c25-b80f-db7be1418b9e
Test complete
