Running nvme/034
NQN:blktests-subsystem-1 disconnected 1 controller(s)
Test complete
