Running nvme/040
starting background fio
resetting controller
deleting controller
Test complete
