Running block/001
Stressing sd
Stressing sr
Test complete
