Running block/012
0
0000000 aaaa aaaa aaaa aaaa aaaa aaaa aaaa aaaa
*
0200000
1
pwrite64: Operation not permitted
0000000 aaaa aaaa aaaa aaaa aaaa aaaa aaaa aaaa
*
0200000
0
0000000 cccc cccc cccc cccc cccc cccc cccc cccc
*
0200000
Test complete
