Running block/013
Device or resource busy
Test complete
