Running block/023
Queue mode 0
Queue mode 2
Test complete
