Running block/028
Test(dix:0 dif:0) complete
Test(dix:0 dif:1) complete
Test(dix:0 dif:2) complete
Test(dix:0 dif:3) complete
Test(dix:1 dif:0) complete
Test(dix:1 dif:1) complete
Test(dix:1 dif:2) complete
Test(dix:1 dif:3) complete
