Running scsi/004
Input/output error
Test complete
