Configured SRP target driver
Reading first 512 bytes with dd
Number of bytes read: 512
Writing data ^ 0xa5 ...
Rereading data with dd ...
Rereading data with discontiguous-io ...
Passed
