Configured NVMe target driver
count_devices(): 1 <> 1
Passed
